// Jest Snapshot v1, https://goo.gl/fbAQLP

exports[`Test suite for 404 page match snapshot 1`] = `"Not Found"`;
