// Jest Snapshot v1, https://goo.gl/fbAQLP

exports[`Forgot form test suite match snapshot 1`] = `
"<form>
  <div class=\\"mb-3 row\\"><label for=\\"email\\" class=\\"col-sm-4 col-form-label text-sm-end\\"> Email: </label>
    <div class=\\"col-sm-8\\"><input type=\\"text\\" class=\\"form-control\\" id=\\"email\\">
      <!--v-if-->
    </div>
  </div>
  <div class=\\"mb-3 row\\"><label class=\\"col-sm-4\\"></label>
    <div class=\\"col-sm-8\\"><button type=\\"submit\\" class=\\"btn btn-outline-primary\\"><span>Send</span></button></div>
  </div><a to=\\"[object Object]\\" class=\\"text-decoration-none float-end\\"> I think, I remember my password! </a>
</form>"
`;
