// Jest Snapshot v1, https://goo.gl/fbAQLP

exports[`Reset form test suite match snapshot 1`] = `
"<form>
  <div class=\\"mb-3 row\\"><label for=\\"password\\" class=\\"col-sm-4 col-form-label text-sm-end\\"> Password: </label>
    <div class=\\"col-sm-8\\"><input type=\\"password\\" class=\\"form-control\\" id=\\"password\\" autocomplete=\\"false\\">
      <!--v-if-->
    </div>
  </div>
  <div class=\\"mb-3 row\\"><label for=\\"inputPassword\\" class=\\"col-sm-4 col-form-label text-sm-end\\"> Confirm password: </label>
    <div class=\\"col-sm-8\\"><input type=\\"password\\" class=\\"form-control\\" id=\\"inputPassword\\" autocomplete=\\"false\\"></div>
  </div>
  <div class=\\"mb-3 row\\"><label class=\\"col-sm-4\\"></label>
    <div class=\\"col-sm-8\\"><button type=\\"submit\\" class=\\"btn btn-outline-primary\\"><span>Save</span></button></div>
  </div><a to=\\"[object Object]\\" class=\\"text-decoration-none float-end\\"> Back to home? </a>
</form>"
`;
