// Jest Snapshot v1, https://goo.gl/fbAQLP

exports[`Test suite for default layout match snapshot 1`] = `"<div class=\\"container d-flex justify-content-center align-items-center\\" style=\\"height: 100vh;\\"></div>"`;
